mode: set
rubiks-solver/internal/cube/coord.go:5.39,7.25 2 1
rubiks-solver/internal/cube/coord.go:7.25,10.3 1 1
rubiks-solver/internal/cube/coord.go:11.2,11.14 1 1
rubiks-solver/internal/cube/coord.go:15.44,19.26 2 1
rubiks-solver/internal/cube/coord.go:19.26,23.3 3 1
rubiks-solver/internal/cube/coord.go:27.2,27.39 1 1
rubiks-solver/internal/cube/coord.go:32.38,34.26 2 1
rubiks-solver/internal/cube/coord.go:34.26,38.3 1 1
rubiks-solver/internal/cube/coord.go:39.2,39.13 1 1
rubiks-solver/internal/cube/coord.go:43.42,47.27 2 1
rubiks-solver/internal/cube/coord.go:47.27,56.3 3 1
rubiks-solver/internal/cube/coord.go:59.2,59.23 1 1
rubiks-solver/internal/cube/coord.go:64.41,69.27 3 1
rubiks-solver/internal/cube/coord.go:69.27,71.37 1 1
rubiks-solver/internal/cube/coord.go:71.37,73.13 2 1
rubiks-solver/internal/cube/coord.go:73.13,74.10 1 1
rubiks-solver/internal/cube/coord.go:76.9,79.4 1 1
rubiks-solver/internal/cube/coord.go:82.2,82.14 1 1
rubiks-solver/internal/cube/coord.go:88.46,90.26 1 1
rubiks-solver/internal/cube/coord.go:90.26,92.3 1 1
rubiks-solver/internal/cube/coord.go:94.2,97.27 3 1
rubiks-solver/internal/cube/coord.go:97.27,99.15 2 1
rubiks-solver/internal/cube/coord.go:99.15,102.4 1 1
rubiks-solver/internal/cube/coord.go:102.9,107.13 3 1
rubiks-solver/internal/cube/coord.go:107.13,108.10 1 1
rubiks-solver/internal/cube/cube.go:23.28,28.26 2 1
rubiks-solver/internal/cube/cube.go:28.26,31.3 1 1
rubiks-solver/internal/cube/cube.go:33.2,35.3 1 1
rubiks-solver/internal/cube/cubie.go:49.38,52.25 2 1
rubiks-solver/internal/cube/cubie.go:52.25,55.3 2 1
rubiks-solver/internal/cube/cubie.go:57.2,57.26 1 1
rubiks-solver/internal/cube/cubie.go:57.26,60.3 2 1
rubiks-solver/internal/cube/cubie.go:62.2,62.11 1 1
rubiks-solver/internal/cube/cubie.go:67.44,75.25 5 1
rubiks-solver/internal/cube/cubie.go:75.25,81.3 2 1
rubiks-solver/internal/cube/cubie.go:84.2,84.26 1 1
rubiks-solver/internal/cube/cubie.go:84.26,90.3 2 1
rubiks-solver/internal/cube/cubie.go:93.2,96.14 4 1
rubiks-solver/internal/cube/cubie_moves.go:56.13,57.25 1 1
rubiks-solver/internal/cube/cubie_moves.go:57.25,73.3 10 1
rubiks-solver/internal/cube/cubie_moves.go:78.39,80.2 1 1
rubiks-solver/internal/cube/math.go:5.24,6.11 1 1
rubiks-solver/internal/cube/math.go:6.11,8.3 1 1
rubiks-solver/internal/cube/math.go:9.2,9.13 1 1
rubiks-solver/internal/cube/math.go:9.13,11.3 1 1
rubiks-solver/internal/cube/math.go:13.2,14.26 2 1
rubiks-solver/internal/cube/math.go:14.26,17.3 2 1
rubiks-solver/internal/cube/math.go:19.2,19.12 1 1
rubiks-solver/internal/cube/moves.go:94.13,95.25 1 1
rubiks-solver/internal/cube/moves.go:95.25,103.27 4 1
rubiks-solver/internal/cube/moves.go:103.27,105.4 1 1
rubiks-solver/internal/cube/moves.go:106.3,110.27 3 1
rubiks-solver/internal/cube/moves.go:110.27,112.4 1 1
rubiks-solver/internal/cube/moves.go:113.3,113.26 1 1
rubiks-solver/internal/cube/moves.go:118.34,121.26 3 1
rubiks-solver/internal/cube/moves.go:121.26,123.3 1 1
rubiks-solver/internal/cube/moves.go:124.2,124.19 1 1
rubiks-solver/internal/cube/tables.go:20.23,22.36 1 1
rubiks-solver/internal/cube/tables.go:22.36,23.33 1 1
rubiks-solver/internal/cube/tables.go:23.33,28.4 4 1
rubiks-solver/internal/cube/tables.go:32.2,32.36 1 1
rubiks-solver/internal/cube/tables.go:32.36,33.33 1 1
rubiks-solver/internal/cube/tables.go:33.33,38.4 4 1
rubiks-solver/internal/cube/tables.go:42.2,42.35 1 1
rubiks-solver/internal/cube/tables.go:42.35,43.33 1 1
rubiks-solver/internal/cube/tables.go:43.33,48.4 4 1
rubiks-solver/internal/cube/tables.go:61.26,63.43 1 1
rubiks-solver/internal/cube/tables.go:63.43,65.3 1 1
rubiks-solver/internal/cube/tables.go:66.2,66.42 1 1
rubiks-solver/internal/cube/tables.go:66.42,68.3 1 1
rubiks-solver/internal/cube/tables.go:71.2,75.33 4 1
rubiks-solver/internal/cube/tables.go:75.33,77.48 2 1
rubiks-solver/internal/cube/tables.go:77.48,78.50 1 1
rubiks-solver/internal/cube/tables.go:78.50,79.39 1 1
rubiks-solver/internal/cube/tables.go:79.39,80.36 1 1
rubiks-solver/internal/cube/tables.go:80.36,85.41 4 1
rubiks-solver/internal/cube/tables.go:85.41,88.8 2 1
rubiks-solver/internal/cube/tables.go:91.5,91.12 1 1
rubiks-solver/internal/cube/tables.go:94.3,94.10 1 1
rubiks-solver/internal/cube/tables.go:98.2,102.32 4 1
rubiks-solver/internal/cube/tables.go:102.32,104.48 2 1
rubiks-solver/internal/cube/tables.go:104.48,105.47 1 1
rubiks-solver/internal/cube/tables.go:105.47,106.38 1 1
rubiks-solver/internal/cube/tables.go:106.38,107.36 1 1
rubiks-solver/internal/cube/tables.go:107.36,112.40 4 1
rubiks-solver/internal/cube/tables.go:112.40,115.8 2 1
rubiks-solver/internal/cube/tables.go:118.5,118.12 1 1
rubiks-solver/internal/cube/tables.go:121.3,121.10 1 1
rubiks-solver/internal/solver/solver.go:9.64,17.51 4 1
rubiks-solver/internal/solver/solver.go:17.51,22.59 2 1
rubiks-solver/internal/solver/solver.go:22.59,24.4 1 1
rubiks-solver/internal/solver/solver.go:27.2,27.12 1 1
rubiks-solver/internal/solver/solver.go:31.108,33.16 1 1
rubiks-solver/internal/solver/solver.go:33.16,35.3 1 1
rubiks-solver/internal/solver/solver.go:40.2,45.21 4 1
rubiks-solver/internal/solver/solver.go:45.21,47.3 1 1
rubiks-solver/internal/solver/solver.go:51.2,51.21 1 1
rubiks-solver/internal/solver/solver.go:51.21,53.3 1 1
rubiks-solver/internal/solver/solver.go:56.2,56.37 1 1
rubiks-solver/internal/solver/solver.go:56.37,60.23 2 1
rubiks-solver/internal/solver/solver.go:60.23,61.12 1 0
rubiks-solver/internal/solver/solver.go:65.3,73.80 5 1
rubiks-solver/internal/solver/solver.go:73.80,75.4 1 1
rubiks-solver/internal/solver/solver.go:78.2,78.14 1 0
